// Jest Snapshot v1, https://goo.gl/fbAQLP

exports[`Home test snapshot 1`] = `ShallowWrapper {}`;
